2026-05-24 00:29:12 INFO  Utils:112 - [TestNG] Running:
  C:\QEA Testing\OpenCart_Testing\grid-docker.xml

2026-05-24 00:29:16 INFO  TC001_AccountRegistrationPage:18 - -----Starting TC001_AccountRegistartionPage-----
2026-05-24 00:29:16 INFO  TC001_AccountRegistrationPage:24 - Clicked on MyAccount Link
2026-05-24 00:29:16 INFO  TC001_AccountRegistrationPage:27 - Clicked on Register Link
2026-05-24 00:29:16 INFO  TC001_AccountRegistrationPage:32 - Providing Customer Details
2026-05-24 00:29:18 INFO  TC001_AccountRegistrationPage:47 - Validating Excepted Message
2026-05-24 00:29:18 INFO  TC001_AccountRegistrationPage:58 - -----Test Finished-----
2026-05-24 00:29:20 INFO  TC002_LoginPage:16 - -----Account login Started-----
2026-05-24 00:29:20 INFO  TC002_LoginPage:24 - Clicked on MyAccount Link
2026-05-24 00:29:20 INFO  TC002_LoginPage:27 - Clicked on Log in  Link
2026-05-24 00:29:20 INFO  TC002_LoginPage:34 - Login attempted with email: testuser2004@gmail.com
2026-05-24 00:29:20 INFO  TC002_LoginPage:38 - Password used: test@123
2026-05-24 00:29:21 INFO  TC002_LoginPage:53 - ----Login Page Finished----
2026-05-24 11:57:29 INFO  Utils:112 - [TestNG] Running:
  C:\QEA Testing\OpenCart_Testing\master.xml

2026-05-24 11:57:33 INFO  TC001_AccountRegistrationPage:18 - -----Starting TC001_AccountRegistartionPage-----
2026-05-24 11:57:34 INFO  TC001_AccountRegistrationPage:24 - Clicked on MyAccount Link
2026-05-24 11:57:34 INFO  TC001_AccountRegistrationPage:27 - Clicked on Register Link
2026-05-24 11:57:34 INFO  TC001_AccountRegistrationPage:32 - Providing Customer Details
2026-05-24 11:57:36 INFO  TC001_AccountRegistrationPage:47 - Validating Excepted Message
2026-05-24 11:57:36 INFO  TC001_AccountRegistrationPage:58 - -----Test Finished-----
2026-05-24 11:57:38 INFO  TC002_LoginPage:16 - -----Account login Started-----
2026-05-24 11:57:38 INFO  TC002_LoginPage:24 - Clicked on MyAccount Link
2026-05-24 11:57:39 INFO  TC002_LoginPage:27 - Clicked on Log in  Link
2026-05-24 11:57:39 INFO  TC002_LoginPage:34 - Login attempted with email: testuser2004@gmail.com
2026-05-24 11:57:39 INFO  TC002_LoginPage:38 - Password used: test@123
2026-05-24 11:57:40 INFO  TC002_LoginPage:53 - ----Login Page Finished----
2026-05-24 12:08:37 INFO  TC001_AccountRegistrationPage:18 - -----Starting TC001_AccountRegistartionPage-----
2026-05-24 12:08:37 INFO  TC001_AccountRegistrationPage:24 - Clicked on MyAccount Link
2026-05-24 12:08:37 INFO  TC001_AccountRegistrationPage:27 - Clicked on Register Link
2026-05-24 12:08:37 INFO  TC001_AccountRegistrationPage:32 - Providing Customer Details
2026-05-24 12:08:38 INFO  TC001_AccountRegistrationPage:47 - Validating Excepted Message
2026-05-24 12:08:38 INFO  TC001_AccountRegistrationPage:58 - -----Test Finished-----
2026-05-24 12:08:40 INFO  TC002_LoginPage:16 - -----Account login Started-----
2026-05-24 12:08:40 INFO  TC002_LoginPage:24 - Clicked on MyAccount Link
2026-05-24 12:08:40 INFO  TC002_LoginPage:27 - Clicked on Log in  Link
2026-05-24 12:08:40 INFO  TC002_LoginPage:34 - Login attempted with email: testuser2004@gmail.com
2026-05-24 12:08:40 INFO  TC002_LoginPage:38 - Password used: test@123
2026-05-24 12:08:42 INFO  TC002_LoginPage:53 - ----Login Page Finished----
2026-05-24 12:22:52 INFO  TC001_AccountRegistrationPage:18 - -----Starting TC001_AccountRegistartionPage-----
2026-05-24 12:22:52 INFO  TC001_AccountRegistrationPage:24 - Clicked on MyAccount Link
2026-05-24 12:22:53 INFO  TC001_AccountRegistrationPage:27 - Clicked on Register Link
2026-05-24 12:22:53 INFO  TC001_AccountRegistrationPage:32 - Providing Customer Details
2026-05-24 12:22:55 INFO  TC001_AccountRegistrationPage:47 - Validating Excepted Message
2026-05-24 12:22:55 INFO  TC001_AccountRegistrationPage:58 - -----Test Finished-----
2026-05-24 12:22:56 INFO  TC002_LoginPage:16 - -----Account login Started-----
2026-05-24 12:22:57 INFO  TC002_LoginPage:24 - Clicked on MyAccount Link
2026-05-24 12:22:57 INFO  TC002_LoginPage:27 - Clicked on Log in  Link
2026-05-24 12:22:57 INFO  TC002_LoginPage:34 - Login attempted with email: testuser2004@gmail.com
2026-05-24 12:22:57 INFO  TC002_LoginPage:38 - Password used: test@123
2026-05-24 12:22:58 INFO  TC002_LoginPage:53 - ----Login Page Finished----
2026-05-24 12:23:22 INFO  TC001_AccountRegistrationPage:18 - -----Starting TC001_AccountRegistartionPage-----
2026-05-24 12:23:22 INFO  TC001_AccountRegistrationPage:24 - Clicked on MyAccount Link
2026-05-24 12:23:23 INFO  TC001_AccountRegistrationPage:27 - Clicked on Register Link
2026-05-24 12:23:23 INFO  TC001_AccountRegistrationPage:32 - Providing Customer Details
2026-05-24 12:23:24 INFO  TC001_AccountRegistrationPage:47 - Validating Excepted Message
2026-05-24 12:23:24 INFO  TC001_AccountRegistrationPage:58 - -----Test Finished-----
2026-05-24 12:23:26 INFO  TC002_LoginPage:16 - -----Account login Started-----
2026-05-24 12:23:26 INFO  TC002_LoginPage:24 - Clicked on MyAccount Link
2026-05-24 12:23:26 INFO  TC002_LoginPage:27 - Clicked on Log in  Link
2026-05-24 12:23:26 INFO  TC002_LoginPage:34 - Login attempted with email: testuser2004@gmail.com
2026-05-24 12:23:27 INFO  TC002_LoginPage:38 - Password used: test@123
2026-05-24 12:23:28 INFO  TC002_LoginPage:53 - ----Login Page Finished----
2026-05-24 12:31:49 INFO  TC001_AccountRegistrationPage:18 - -----Starting TC001_AccountRegistartionPage-----
2026-05-24 12:31:49 INFO  TC001_AccountRegistrationPage:24 - Clicked on MyAccount Link
2026-05-24 12:31:50 INFO  TC001_AccountRegistrationPage:27 - Clicked on Register Link
2026-05-24 12:31:50 INFO  TC001_AccountRegistrationPage:32 - Providing Customer Details
2026-05-24 12:31:52 INFO  TC001_AccountRegistrationPage:47 - Validating Excepted Message
2026-05-24 12:31:52 INFO  TC001_AccountRegistrationPage:58 - -----Test Finished-----
2026-05-24 12:31:53 INFO  TC002_LoginPage:16 - -----Account login Started-----
2026-05-24 12:31:53 INFO  TC002_LoginPage:24 - Clicked on MyAccount Link
2026-05-24 12:31:54 INFO  TC002_LoginPage:27 - Clicked on Log in  Link
2026-05-24 12:31:54 INFO  TC002_LoginPage:34 - Login attempted with email: testuser2004@gmail.com
2026-05-24 12:31:54 INFO  TC002_LoginPage:38 - Password used: test@123
2026-05-24 12:31:56 INFO  TC002_LoginPage:53 - ----Login Page Finished----
